Oops... Something happened: Invalid robot position format
